
Testing form
------------
0_num_coefficients = 2
1_num_cell_domains = 1
2_num_exterior_facet_domains = 0
3_num_interior_facet_domains = 0

Testing finite_element
----------------------
4_cell_shape = 1
5_space_dimension = 3
6_value_rank = 0
7_evaluate_basis:_0 = 1.471885262292243
8_evaluate_basis:_1 = 2.026670541349323
9_evaluate_basis:_2 = -2.498555720362926
10_evaluate_basis_all = 1.471885262292243 2.026670541349323 -2.498555720362926
11_evaluate_basis_derivatives_0_0 = 1.471885262292243
12_evaluate_basis_derivatives_0_1 = 0.08558527756860768 -2.278708502584256
13_evaluate_basis_derivatives_0_2 = 0 0 0 0
14_evaluate_basis_derivatives_1_0 = 2.026670541349323
15_evaluate_basis_derivatives_1_1 = -2.364293847937597 0.449322748907743
16_evaluate_basis_derivatives_1_2 = 0 0 0 0
17_evaluate_basis_derivatives_2_0 = -2.498555720362926
18_evaluate_basis_derivatives_2_1 = 2.278708502007734 1.829385698794941
19_evaluate_basis_derivatives_2_2 = 0 0 0 0
20_evaluate_basis_derivatives_all_0 = 1.471885262292243 2.026670541349323 -2.498555720362926
21_evaluate_basis_derivatives_all_1 = 0.08558527756860768 -2.278708502584256 -2.364293847937597 0.449322748907743 2.278708502007734 1.829385698794941
22_evaluate_basis_derivatives_all_2 = 0 0 0 0 0 0 0 0 0 0 0 0
23_evaluate_dof_0 = 0.3079230000000001
24_evaluate_dof_1 = 0.430287
25_evaluate_dof_2 = 0.772821
26_evaluate_dofs = 0.3079230000000001 0.430287 0.772821
27_interpolate_vertex_values = 0.3079230000000001 0.430287 0.772821
28_num_sub_elements = 0

Testing finite_element
----------------------
29_cell_shape = 1
30_space_dimension = 3
31_value_rank = 0
32_evaluate_basis:_0 = 1.471885262292243
33_evaluate_basis:_1 = 2.026670541349323
34_evaluate_basis:_2 = -2.498555720362926
35_evaluate_basis_all = 1.471885262292243 2.026670541349323 -2.498555720362926
36_evaluate_basis_derivatives_0_0 = 1.471885262292243
37_evaluate_basis_derivatives_0_1 = 0.08558527756860768 -2.278708502584256
38_evaluate_basis_derivatives_0_2 = 0 0 0 0
39_evaluate_basis_derivatives_1_0 = 2.026670541349323
40_evaluate_basis_derivatives_1_1 = -2.364293847937597 0.449322748907743
41_evaluate_basis_derivatives_1_2 = 0 0 0 0
42_evaluate_basis_derivatives_2_0 = -2.498555720362926
43_evaluate_basis_derivatives_2_1 = 2.278708502007734 1.829385698794941
44_evaluate_basis_derivatives_2_2 = 0 0 0 0
45_evaluate_basis_derivatives_all_0 = 1.471885262292243 2.026670541349323 -2.498555720362926
46_evaluate_basis_derivatives_all_1 = 0.08558527756860768 -2.278708502584256 -2.364293847937597 0.449322748907743 2.278708502007734 1.829385698794941
47_evaluate_basis_derivatives_all_2 = 0 0 0 0 0 0 0 0 0 0 0 0
48_evaluate_dof_0 = 0.3079230000000001
49_evaluate_dof_1 = 0.430287
50_evaluate_dof_2 = 0.772821
51_evaluate_dofs = 0.3079230000000001 0.430287 0.772821
52_interpolate_vertex_values = 0.3079230000000001 0.430287 0.772821
53_num_sub_elements = 0

Testing dofmap
---------------
54_needs_mesh_entities_0 = 1
55_needs_mesh_entities_1 = 0
56_needs_mesh_entities_2 = 0
57_global_dimension = 10001
58_local_dimension = 3
59_max_local_dimension = 3
60_geometric_dimension = 2
61_num_facet_dofs = 2
62_num_entity_dofs_0 = 1
63_num_entity_dofs_1 = 0
64_num_entity_dofs_2 = 0
65_tabulate_dofs = 0 0 0
66_tabulate_facet_dofs_0 = 1 2
67_tabulate_facet_dofs_1 = 0 2
68_tabulate_facet_dofs_2 = 0 1
69_tabulate_entity_dofs_0_0 = 0
70_tabulate_entity_dofs_0_1 = 1
71_tabulate_entity_dofs_0_2 = 2
72_tabulate_entity_dofs_1_0 =
73_tabulate_entity_dofs_1_1 =
74_tabulate_entity_dofs_1_2 =
75_tabulate_entity_dofs_2_0 =
76_tabulate_coordinates_0 = 0.903 0.341
77_tabulate_coordinates_1 = 0.5610000000000001 0.767
78_tabulate_coordinates_2 = 0.987 0.783
79_num_sub_dofmaps = 0

Testing dofmap
---------------
80_needs_mesh_entities_0 = 1
81_needs_mesh_entities_1 = 0
82_needs_mesh_entities_2 = 0
83_global_dimension = 10001
84_local_dimension = 3
85_max_local_dimension = 3
86_geometric_dimension = 2
87_num_facet_dofs = 2
88_num_entity_dofs_0 = 1
89_num_entity_dofs_1 = 0
90_num_entity_dofs_2 = 0
91_tabulate_dofs = 0 0 0
92_tabulate_facet_dofs_0 = 1 2
93_tabulate_facet_dofs_1 = 0 2
94_tabulate_facet_dofs_2 = 0 1
95_tabulate_entity_dofs_0_0 = 0
96_tabulate_entity_dofs_0_1 = 1
97_tabulate_entity_dofs_0_2 = 2
98_tabulate_entity_dofs_1_0 =
99_tabulate_entity_dofs_1_1 =
100_tabulate_entity_dofs_1_2 =
101_tabulate_entity_dofs_2_0 =
102_tabulate_coordinates_0 = 0.903 0.341
103_tabulate_coordinates_1 = 0.5610000000000001 0.767
104_tabulate_coordinates_2 = 0.987 0.783
105_num_sub_dofmaps = 0

Testing cell_integral
---------------------
106_tabulate_tensor = 11.54836402601947
