
Testing form
------------
0_num_coefficients = 2
1_num_cell_domains = 0
2_num_exterior_facet_domains = 0
3_num_interior_facet_domains = 0
4_num_point_domains = 0

Testing finite_element
----------------------
5_cell_shape = 1
6_space_dimension = 3
7_value_rank = 0
8_evaluate_basis:_0 = 1.471885262292243
9_evaluate_basis:_1 = 2.026670541349323
10_evaluate_basis:_2 = -2.498555720362926
11_evaluate_basis_all = 1.471885262292243 2.026670541349323 -2.498555720362926
12_evaluate_basis_derivatives_0_0 = 1.471885262292243
13_evaluate_basis_derivatives_0_1 = 0.08558527756860768 -2.278708502584256
14_evaluate_basis_derivatives_0_2 = 0 0 0 0
15_evaluate_basis_derivatives_1_0 = 2.026670541349323
16_evaluate_basis_derivatives_1_1 = -2.364293847937597 0.449322748907743
17_evaluate_basis_derivatives_1_2 = 0 0 0 0
18_evaluate_basis_derivatives_2_0 = -2.498555720362926
19_evaluate_basis_derivatives_2_1 = 2.278708502007734 1.829385698794941
20_evaluate_basis_derivatives_2_2 = 0 0 0 0
21_evaluate_basis_derivatives_all_0 = 1.471885262292243 2.026670541349323 -2.498555720362926
22_evaluate_basis_derivatives_all_1 = 0.08558527756860768 -2.278708502584256 -2.364293847937597 0.449322748907743 2.278708502007734 1.829385698794941
23_evaluate_basis_derivatives_all_2 = 0 0 0 0 0 0 0 0 0 0 0 0
24_evaluate_dof_0 = 0.3079230000000001
25_evaluate_dof_1 = 0.430287
26_evaluate_dof_2 = 0.772821
27_evaluate_dofs = 0.3079230000000001 0.430287 0.772821
28_interpolate_vertex_values = 0.3079230000000001 0.430287 0.772821
29_num_sub_elements = 0

Testing finite_element
----------------------
30_cell_shape = 1
31_space_dimension = 3
32_value_rank = 0
33_evaluate_basis:_0 = 1.471885262292243
34_evaluate_basis:_1 = 2.026670541349323
35_evaluate_basis:_2 = -2.498555720362926
36_evaluate_basis_all = 1.471885262292243 2.026670541349323 -2.498555720362926
37_evaluate_basis_derivatives_0_0 = 1.471885262292243
38_evaluate_basis_derivatives_0_1 = 0.08558527756860768 -2.278708502584256
39_evaluate_basis_derivatives_0_2 = 0 0 0 0
40_evaluate_basis_derivatives_1_0 = 2.026670541349323
41_evaluate_basis_derivatives_1_1 = -2.364293847937597 0.449322748907743
42_evaluate_basis_derivatives_1_2 = 0 0 0 0
43_evaluate_basis_derivatives_2_0 = -2.498555720362926
44_evaluate_basis_derivatives_2_1 = 2.278708502007734 1.829385698794941
45_evaluate_basis_derivatives_2_2 = 0 0 0 0
46_evaluate_basis_derivatives_all_0 = 1.471885262292243 2.026670541349323 -2.498555720362926
47_evaluate_basis_derivatives_all_1 = 0.08558527756860768 -2.278708502584256 -2.364293847937597 0.449322748907743 2.278708502007734 1.829385698794941
48_evaluate_basis_derivatives_all_2 = 0 0 0 0 0 0 0 0 0 0 0 0
49_evaluate_dof_0 = 0.3079230000000001
50_evaluate_dof_1 = 0.430287
51_evaluate_dof_2 = 0.772821
52_evaluate_dofs = 0.3079230000000001 0.430287 0.772821
53_interpolate_vertex_values = 0.3079230000000001 0.430287 0.772821
54_num_sub_elements = 0

Testing finite_element
----------------------
55_cell_shape = 1
56_space_dimension = 3
57_value_rank = 0
58_evaluate_basis:_0 = 1.471885262292243
59_evaluate_basis:_1 = 2.026670541349323
60_evaluate_basis:_2 = -2.498555720362926
61_evaluate_basis_all = 1.471885262292243 2.026670541349323 -2.498555720362926
62_evaluate_basis_derivatives_0_0 = 1.471885262292243
63_evaluate_basis_derivatives_0_1 = 0.08558527756860768 -2.278708502584256
64_evaluate_basis_derivatives_0_2 = 0 0 0 0
65_evaluate_basis_derivatives_1_0 = 2.026670541349323
66_evaluate_basis_derivatives_1_1 = -2.364293847937597 0.449322748907743
67_evaluate_basis_derivatives_1_2 = 0 0 0 0
68_evaluate_basis_derivatives_2_0 = -2.498555720362926
69_evaluate_basis_derivatives_2_1 = 2.278708502007734 1.829385698794941
70_evaluate_basis_derivatives_2_2 = 0 0 0 0
71_evaluate_basis_derivatives_all_0 = 1.471885262292243 2.026670541349323 -2.498555720362926
72_evaluate_basis_derivatives_all_1 = 0.08558527756860768 -2.278708502584256 -2.364293847937597 0.449322748907743 2.278708502007734 1.829385698794941
73_evaluate_basis_derivatives_all_2 = 0 0 0 0 0 0 0 0 0 0 0 0
74_evaluate_dof_0 = 0.3079230000000001
75_evaluate_dof_1 = 0.430287
76_evaluate_dof_2 = 0.772821
77_evaluate_dofs = 0.3079230000000001 0.430287 0.772821
78_interpolate_vertex_values = 0.3079230000000001 0.430287 0.772821
79_num_sub_elements = 0

Testing finite_element
----------------------
80_cell_shape = 1
81_space_dimension = 3
82_value_rank = 0
83_evaluate_basis:_0 = 1.471885262292243
84_evaluate_basis:_1 = 2.026670541349323
85_evaluate_basis:_2 = -2.498555720362926
86_evaluate_basis_all = 1.471885262292243 2.026670541349323 -2.498555720362926
87_evaluate_basis_derivatives_0_0 = 1.471885262292243
88_evaluate_basis_derivatives_0_1 = 0.08558527756860768 -2.278708502584256
89_evaluate_basis_derivatives_0_2 = 0 0 0 0
90_evaluate_basis_derivatives_1_0 = 2.026670541349323
91_evaluate_basis_derivatives_1_1 = -2.364293847937597 0.449322748907743
92_evaluate_basis_derivatives_1_2 = 0 0 0 0
93_evaluate_basis_derivatives_2_0 = -2.498555720362926
94_evaluate_basis_derivatives_2_1 = 2.278708502007734 1.829385698794941
95_evaluate_basis_derivatives_2_2 = 0 0 0 0
96_evaluate_basis_derivatives_all_0 = 1.471885262292243 2.026670541349323 -2.498555720362926
97_evaluate_basis_derivatives_all_1 = 0.08558527756860768 -2.278708502584256 -2.364293847937597 0.449322748907743 2.278708502007734 1.829385698794941
98_evaluate_basis_derivatives_all_2 = 0 0 0 0 0 0 0 0 0 0 0 0
99_evaluate_dof_0 = 0.3079230000000001
100_evaluate_dof_1 = 0.430287
101_evaluate_dof_2 = 0.772821
102_evaluate_dofs = 0.3079230000000001 0.430287 0.772821
103_interpolate_vertex_values = 0.3079230000000001 0.430287 0.772821
104_num_sub_elements = 0

Testing dofmap
---------------
105_needs_mesh_entities_0 = 1
106_needs_mesh_entities_1 = 0
107_needs_mesh_entities_2 = 0
108_global_dimension = 10001
109_local_dimension = 3
110_max_local_dimension = 3
111_geometric_dimension = 2
112_num_facet_dofs = 2
113_num_entity_dofs_0 = 1
114_num_entity_dofs_1 = 0
115_num_entity_dofs_2 = 0
116_tabulate_dofs = 0 0 0
117_tabulate_facet_dofs_0 = 1 2
118_tabulate_facet_dofs_1 = 0 2
119_tabulate_facet_dofs_2 = 0 1
120_tabulate_entity_dofs_0_0 = 0
121_tabulate_entity_dofs_0_1 = 1
122_tabulate_entity_dofs_0_2 = 2
123_tabulate_entity_dofs_1_0 =
124_tabulate_entity_dofs_1_1 =
125_tabulate_entity_dofs_1_2 =
126_tabulate_entity_dofs_2_0 =
127_tabulate_coordinates_0 = 0.903 0.341
128_tabulate_coordinates_1 = 0.5610000000000001 0.767
129_tabulate_coordinates_2 = 0.987 0.783
130_num_sub_dofmaps = 0

Testing dofmap
---------------
131_needs_mesh_entities_0 = 1
132_needs_mesh_entities_1 = 0
133_needs_mesh_entities_2 = 0
134_global_dimension = 10001
135_local_dimension = 3
136_max_local_dimension = 3
137_geometric_dimension = 2
138_num_facet_dofs = 2
139_num_entity_dofs_0 = 1
140_num_entity_dofs_1 = 0
141_num_entity_dofs_2 = 0
142_tabulate_dofs = 0 0 0
143_tabulate_facet_dofs_0 = 1 2
144_tabulate_facet_dofs_1 = 0 2
145_tabulate_facet_dofs_2 = 0 1
146_tabulate_entity_dofs_0_0 = 0
147_tabulate_entity_dofs_0_1 = 1
148_tabulate_entity_dofs_0_2 = 2
149_tabulate_entity_dofs_1_0 =
150_tabulate_entity_dofs_1_1 =
151_tabulate_entity_dofs_1_2 =
152_tabulate_entity_dofs_2_0 =
153_tabulate_coordinates_0 = 0.903 0.341
154_tabulate_coordinates_1 = 0.5610000000000001 0.767
155_tabulate_coordinates_2 = 0.987 0.783
156_num_sub_dofmaps = 0

Testing dofmap
---------------
157_needs_mesh_entities_0 = 1
158_needs_mesh_entities_1 = 0
159_needs_mesh_entities_2 = 0
160_global_dimension = 10001
161_local_dimension = 3
162_max_local_dimension = 3
163_geometric_dimension = 2
164_num_facet_dofs = 2
165_num_entity_dofs_0 = 1
166_num_entity_dofs_1 = 0
167_num_entity_dofs_2 = 0
168_tabulate_dofs = 0 0 0
169_tabulate_facet_dofs_0 = 1 2
170_tabulate_facet_dofs_1 = 0 2
171_tabulate_facet_dofs_2 = 0 1
172_tabulate_entity_dofs_0_0 = 0
173_tabulate_entity_dofs_0_1 = 1
174_tabulate_entity_dofs_0_2 = 2
175_tabulate_entity_dofs_1_0 =
176_tabulate_entity_dofs_1_1 =
177_tabulate_entity_dofs_1_2 =
178_tabulate_entity_dofs_2_0 =
179_tabulate_coordinates_0 = 0.903 0.341
180_tabulate_coordinates_1 = 0.5610000000000001 0.767
181_tabulate_coordinates_2 = 0.987 0.783
182_num_sub_dofmaps = 0

Testing dofmap
---------------
183_needs_mesh_entities_0 = 1
184_needs_mesh_entities_1 = 0
185_needs_mesh_entities_2 = 0
186_global_dimension = 10001
187_local_dimension = 3
188_max_local_dimension = 3
189_geometric_dimension = 2
190_num_facet_dofs = 2
191_num_entity_dofs_0 = 1
192_num_entity_dofs_1 = 0
193_num_entity_dofs_2 = 0
194_tabulate_dofs = 0 0 0
195_tabulate_facet_dofs_0 = 1 2
196_tabulate_facet_dofs_1 = 0 2
197_tabulate_facet_dofs_2 = 0 1
198_tabulate_entity_dofs_0_0 = 0
199_tabulate_entity_dofs_0_1 = 1
200_tabulate_entity_dofs_0_2 = 2
201_tabulate_entity_dofs_1_0 =
202_tabulate_entity_dofs_1_1 =
203_tabulate_entity_dofs_1_2 =
204_tabulate_entity_dofs_2_0 =
205_tabulate_coordinates_0 = 0.903 0.341
206_tabulate_coordinates_1 = 0.5610000000000001 0.767
207_tabulate_coordinates_2 = 0.987 0.783
208_num_sub_dofmaps = 0
