
Testing form
------------
0_num_coefficients = 1
1_has_cell_integrals = 1
2_has_exterior_facet_integrals = 0
3_has_interior_facet_integrals = 0
4_num_cell_domains = 0
5_num_exterior_facet_domains = 0
6_num_interior_facet_domains = 0

Testing finite_element
----------------------
7_cell_shape = 1
8_space_dimension = 6
9_value_rank = 0
10_evaluate_basis:_0 = 2.861007167858017
11_evaluate_basis:_1 = 6.188116389316917
12_evaluate_basis:_2 = 14.98411813143485
13_evaluate_basis:_3 = -20.25499781634912
14_evaluate_basis:_4 = -14.71034988724643
15_evaluate_basis:_5 = 11.93210574240425
16_evaluate_basis_all = 2.861007167858017 6.188116389316917 14.98411813143485 -20.25499781634912 -14.71034988724643 11.93210574240425
17_evaluate_basis_derivatives_0_0 = 2.861007167858017
18_evaluate_basis_derivatives_0_1 = 0.4183016632598591 -11.13728113944124
19_evaluate_basis_derivatives_0_2 = 0.02929918488607441 -0.7800958379073109 -0.7800955273458143 20.770049714109
20_evaluate_basis_derivatives_1_0 = 6.188116389316917
21_evaluate_basis_derivatives_1_1 = -16.80228443241919 3.193194233653243
22_evaluate_basis_derivatives_1_2 = 22.35954107583998 -4.24932433998028 -4.249324213791152 0.8075636705377246
23_evaluate_basis_derivatives_2_0 = 14.98411813143485
24_evaluate_basis_derivatives_2_1 = -25.05263017019036 -20.11267492536409
25_evaluate_basis_derivatives_2_2 = 20.7700505623934 16.67454763459752 16.67454763459752 13.38660866439519
26_evaluate_basis_derivatives_3_0 = -20.25499781634912
27_evaluate_basis_derivatives_3_1 = 42.10204576699874 10.33961641517088
28_evaluate_basis_derivatives_3_2 = -43.10029269019528 -13.20531909572782 -13.20531891135545 6.575877590910224
29_evaluate_basis_derivatives_4_0 = -14.71034988724643
30_evaluate_basis_derivatives_4_1 = 12.56063157739744 33.54450483314719
31_evaluate_basis_derivatives_4_2 = 1.560191565408481 -20.14377617346721 -20.14377635783958 -33.3490949197006
32_evaluate_basis_derivatives_5_0 = 11.93210574240425
33_evaluate_basis_derivatives_5_1 = -13.22606377112947 -15.82735912223852
34_evaluate_basis_derivatives_5_2 = -1.618790685187193 21.70396796518927 21.70396752843863 -8.191005649914606
35_evaluate_basis_derivatives_all_0 = 2.861007167858017 6.188116389316917 14.98411813143485 -20.25499781634912 -14.71034988724643 11.93210574240425
36_evaluate_basis_derivatives_all_1 = 0.4183016632598591 -11.13728113944124 -16.80228443241919 3.193194233653243 -25.05263017019036 -20.11267492536409 42.10204576699874 10.33961641517088 12.56063157739744 33.54450483314719 -13.22606377112947 -15.82735912223852
37_evaluate_basis_derivatives_all_2 = 0.02929918488607441 -0.7800958379073109 -0.7800955273458143 20.770049714109 22.35954107583998 -4.24932433998028 -4.249324213791152 0.8075636705377246 20.7700505623934 16.67454763459752 16.67454763459752 13.38660866439519 -43.10029269019528 -13.20531909572782 -13.20531891135545 6.575877590910224 1.560191565408481 -20.14377617346721 -20.14377635783958 -33.3490949197006 -1.618790685187193 21.70396796518927 21.70396752843863 -8.191005649914606
38_evaluate_dof_0 = 0.3079230000000001
39_evaluate_dof_1 = 0.430287
40_evaluate_dof_2 = 0.772821
41_evaluate_dof_3 = 0.59985
42_evaluate_dof_4 = 0.5310900000000001
43_evaluate_dof_5 = 0.405528
44_evaluate_dofs = 0.3079230000000001 0.430287 0.772821 0.59985 0.5310900000000001 0.405528
45_interpolate_vertex_values = 0.3079230000000001 0.430287 0.772821
46_num_sub_elements = 0

Testing finite_element
----------------------
47_cell_shape = 1
48_space_dimension = 1
49_value_rank = 0
50_evaluate_basis:_0 = 1
51_evaluate_basis_all = 1
52_evaluate_basis_derivatives_0_0 = 1
53_evaluate_basis_derivatives_0_1 = 0 0
54_evaluate_basis_derivatives_0_2 = 0 0 0 0
55_evaluate_basis_derivatives_all_0 = 1
56_evaluate_basis_derivatives_all_1 = 0 0
57_evaluate_basis_derivatives_all_2 = 0 0 0 0
58_evaluate_dof_0 = 0.5149823230336866
59_evaluate_dofs = 0.5149823230336866
60_interpolate_vertex_values = 0.5149823230336866 0.5149823230336866 0.5149823230336866
61_num_sub_elements = 0

Testing dofmap
---------------
62_needs_mesh_entities_0 = 1
63_needs_mesh_entities_1 = 1
64_needs_mesh_entities_2 = 0
65_global_dimension = 20003
66_local_dimension = 6
67_max_local_dimension = 6
68_geometric_dimension = 2
69_num_facet_dofs = 3
70_num_entity_dofs_0 = 1
71_num_entity_dofs_1 = 1
72_num_entity_dofs_2 = 0
73_tabulate_dofs = 0 0 0 10001 10002 10003
74_tabulate_facet_dofs_0 = 1 2 3
75_tabulate_facet_dofs_1 = 0 2 4
76_tabulate_facet_dofs_2 = 0 1 5
77_tabulate_entity_dofs_0_0 = 0
78_tabulate_entity_dofs_0_1 = 1
79_tabulate_entity_dofs_0_2 = 2
80_tabulate_entity_dofs_1_0 = 3
81_tabulate_entity_dofs_1_1 = 4
82_tabulate_entity_dofs_1_2 = 5
83_tabulate_entity_dofs_2_0 =
84_tabulate_coordinates_0 = 0.903 0.341
85_tabulate_coordinates_1 = 0.5610000000000001 0.767
86_tabulate_coordinates_2 = 0.987 0.783
87_tabulate_coordinates_3 = 0.774 0.775
88_tabulate_coordinates_4 = 0.9450000000000001 0.5620000000000001
89_tabulate_coordinates_5 = 0.732 0.554
90_num_sub_dofmaps = 0

Testing dofmap
---------------
91_needs_mesh_entities_0 = 0
92_needs_mesh_entities_1 = 0
93_needs_mesh_entities_2 = 0
94_global_dimension = 1
95_local_dimension = 1
96_max_local_dimension = 1
97_geometric_dimension = 2
98_num_facet_dofs = 0
99_num_entity_dofs_0 = 0
100_num_entity_dofs_1 = 0
101_num_entity_dofs_2 = 1
102_tabulate_dofs = 0
103_tabulate_facet_dofs_0 =
104_tabulate_facet_dofs_1 =
105_tabulate_facet_dofs_2 =
106_tabulate_entity_dofs_0_0 =
107_tabulate_entity_dofs_0_1 =
108_tabulate_entity_dofs_0_2 =
109_tabulate_entity_dofs_1_0 =
110_tabulate_entity_dofs_1_1 =
111_tabulate_entity_dofs_1_2 =
112_tabulate_entity_dofs_2_0 = 0
113_tabulate_coordinates_0 = 0.8169999918299999 0.63033332703
114_num_sub_dofmaps = 0

Testing cell_integral
---------------------
115_tabulate_tensor = 0 0 0 0.003115800031157999 0.003115800031157999 0.003115800031157999
