
Testing form
------------
0_num_coefficients = 1
1_num_cell_domains = 0
2_num_exterior_facet_domains = 0
3_num_interior_facet_domains = 0

Testing finite_element
----------------------
4_cell_shape = 3
5_space_dimension = 4
6_value_rank = 0
7_evaluate_basis:_0 = 0.6513806628275918
8_evaluate_basis:_1 = -1.6643198169362
9_evaluate_basis:_2 = 0.1133045776925702
10_evaluate_basis:_3 = 1.899634563032329
11_evaluate_basis_all = 0.6513806628275918 -1.6643198169362 0.1133045776925702 1.899634563032329
12_evaluate_basis_derivatives_0_0 = 0.6513806628275918
13_evaluate_basis_derivatives_0_1 = 0.8142105111279443 -2.123895155788242 0.4873385946136455
14_evaluate_basis_derivatives_0_2 = 0 0 0 0 0 0 0 0 0
15_evaluate_basis_derivatives_1_0 = -1.6643198169362
16_evaluate_basis_derivatives_1_1 = 0.9133825630703856 1.145741683084886 2.192263029714702
17_evaluate_basis_derivatives_1_2 = 0 0 0 0 0 0 0 0 0
18_evaluate_basis_derivatives_2_0 = 0.1133045776925702
19_evaluate_basis_derivatives_2_1 = -0.04067794577707189 1.336577910685222 -1.551313955871445
20_evaluate_basis_derivatives_2_2 = 0 0 0 0 0 0 0 0 0
21_evaluate_basis_derivatives_3_0 = 1.899634563032329
22_evaluate_basis_derivatives_3_1 = -1.686915122451605 -0.3584245005229043 -1.128287592169393
23_evaluate_basis_derivatives_3_2 = 0 0 0 0 0 0 0 0 0
24_evaluate_basis_derivatives_all_0 = 0.6513806628275918 -1.6643198169362 0.1133045776925702 1.899634563032329
25_evaluate_basis_derivatives_all_1 = 0.8142105111279443 -2.123895155788242 0.4873385946136455 0.9133825630703856 1.145741683084886 2.192263029714702 -0.04067794577707189 1.336577910685222 -1.551313955871445 -1.686915122451605 -0.3584245005229043 -1.128287592169393
26_evaluate_basis_derivatives_all_2 = 0 0 0 0 0 0 0 0 0 0 0 0 0 0 0 0 0 0 0 0 0 0 0 0 0 0 0 0 0 0 0 0 0 0 0 0
27_evaluate_dof_0 = 0.140720811
28_evaluate_dof_1 = 0.358429071
29_evaluate_dof_2 = 0.147608811
30_evaluate_dof_3 = 0.04602500100000001
31_evaluate_dofs = 0.140720811 0.358429071 0.147608811 0.04602500100000001
32_interpolate_vertex_values = 0.140720811 0.358429071 0.147608811 0.04602500100000001
33_num_sub_elements = 0

Testing dofmap
---------------
34_needs_mesh_entities_0 = 1
35_needs_mesh_entities_1 = 0
36_needs_mesh_entities_2 = 0
37_needs_mesh_entities_3 = 0
38_global_dimension = 10001
39_local_dimension = 4
40_max_local_dimension = 4
41_geometric_dimension = 3
42_num_facet_dofs = 3
43_num_entity_dofs_0 = 1
44_num_entity_dofs_1 = 0
45_num_entity_dofs_2 = 0
46_num_entity_dofs_3 = 0
47_tabulate_dofs = 0 0 0 0
48_tabulate_facet_dofs_0 = 1 2 3
49_tabulate_facet_dofs_1 = 0 2 3
50_tabulate_facet_dofs_2 = 0 1 3
51_tabulate_facet_dofs_3 = 0 1 2
52_tabulate_entity_dofs_0_0 = 0
53_tabulate_entity_dofs_0_1 = 1
54_tabulate_entity_dofs_0_2 = 2
55_tabulate_entity_dofs_0_3 = 3
56_tabulate_entity_dofs_1_0 =
57_tabulate_entity_dofs_1_1 =
58_tabulate_entity_dofs_1_2 =
59_tabulate_entity_dofs_1_3 =
60_tabulate_entity_dofs_1_4 =
61_tabulate_entity_dofs_1_5 =
62_tabulate_entity_dofs_2_0 =
63_tabulate_entity_dofs_2_1 =
64_tabulate_entity_dofs_2_2 =
65_tabulate_entity_dofs_2_3 =
66_tabulate_entity_dofs_3_0 =
67_tabulate_coordinates_0 = 0.903 0.341 0.457
68_tabulate_coordinates_1 = 0.5610000000000001 0.767 0.833
69_tabulate_coordinates_2 = 0.987 0.783 0.191
70_tabulate_coordinates_3 = 0.123 0.5610000000000001 0.667
71_num_sub_dofmaps = 0
