
Testing form
------------
0_num_coefficients = 2
1_has_cell_integrals = 1
2_has_exterior_facet_integrals = 0
3_has_interior_facet_integrals = 0
4_num_cell_domains = 0
5_num_exterior_facet_domains = 0
6_num_interior_facet_domains = 0

Testing finite_element
----------------------
7_cell_shape = 1
8_space_dimension = 3
9_value_rank = 0
10_evaluate_basis:_0 = 1.471885262292243
11_evaluate_basis:_1 = 2.026670541349323
12_evaluate_basis:_2 = -2.498555720362926
13_evaluate_basis_all = 1.471885262292243 2.026670541349323 -2.498555720362926
14_evaluate_basis_derivatives_0_0 = 1.471885262292243
15_evaluate_basis_derivatives_0_1 = 0.08558527756860768 -2.278708502584256
16_evaluate_basis_derivatives_0_2 = 0 0 0 0
17_evaluate_basis_derivatives_1_0 = 2.026670541349323
18_evaluate_basis_derivatives_1_1 = -2.364293847937597 0.449322748907743
19_evaluate_basis_derivatives_1_2 = 0 0 0 0
20_evaluate_basis_derivatives_2_0 = -2.498555720362926
21_evaluate_basis_derivatives_2_1 = 2.278708502007734 1.829385698794941
22_evaluate_basis_derivatives_2_2 = 0 0 0 0
23_evaluate_basis_derivatives_all_0 = 1.471885262292243 2.026670541349323 -2.498555720362926
24_evaluate_basis_derivatives_all_1 = 0.08558527756860768 -2.278708502584256 -2.364293847937597 0.449322748907743 2.278708502007734 1.829385698794941
25_evaluate_basis_derivatives_all_2 = 0 0 0 0 0 0 0 0 0 0 0 0
26_evaluate_dof_0 = 0.3079230000000001
27_evaluate_dof_1 = 0.430287
28_evaluate_dof_2 = 0.772821
29_evaluate_dofs = 0.3079230000000001 0.430287 0.772821
30_interpolate_vertex_values = 0.3079230000000001 0.430287 0.772821
31_num_sub_elements = 0

Testing finite_element
----------------------
32_cell_shape = 1
33_space_dimension = 3
34_value_rank = 0
35_evaluate_basis:_0 = 1.471885262292243
36_evaluate_basis:_1 = 2.026670541349323
37_evaluate_basis:_2 = -2.498555720362926
38_evaluate_basis_all = 1.471885262292243 2.026670541349323 -2.498555720362926
39_evaluate_basis_derivatives_0_0 = 1.471885262292243
40_evaluate_basis_derivatives_0_1 = 0.08558527756860768 -2.278708502584256
41_evaluate_basis_derivatives_0_2 = 0 0 0 0
42_evaluate_basis_derivatives_1_0 = 2.026670541349323
43_evaluate_basis_derivatives_1_1 = -2.364293847937597 0.449322748907743
44_evaluate_basis_derivatives_1_2 = 0 0 0 0
45_evaluate_basis_derivatives_2_0 = -2.498555720362926
46_evaluate_basis_derivatives_2_1 = 2.278708502007734 1.829385698794941
47_evaluate_basis_derivatives_2_2 = 0 0 0 0
48_evaluate_basis_derivatives_all_0 = 1.471885262292243 2.026670541349323 -2.498555720362926
49_evaluate_basis_derivatives_all_1 = 0.08558527756860768 -2.278708502584256 -2.364293847937597 0.449322748907743 2.278708502007734 1.829385698794941
50_evaluate_basis_derivatives_all_2 = 0 0 0 0 0 0 0 0 0 0 0 0
51_evaluate_dof_0 = 0.3079230000000001
52_evaluate_dof_1 = 0.430287
53_evaluate_dof_2 = 0.772821
54_evaluate_dofs = 0.3079230000000001 0.430287 0.772821
55_interpolate_vertex_values = 0.3079230000000001 0.430287 0.772821
56_num_sub_elements = 0

Testing dofmap
---------------
57_needs_mesh_entities_0 = 1
58_needs_mesh_entities_1 = 0
59_needs_mesh_entities_2 = 0
60_global_dimension = 10001
61_local_dimension = 3
62_max_local_dimension = 3
63_geometric_dimension = 2
64_num_facet_dofs = 2
65_num_entity_dofs_0 = 1
66_num_entity_dofs_1 = 0
67_num_entity_dofs_2 = 0
68_tabulate_dofs = 0 0 0
69_tabulate_facet_dofs_0 = 1 2
70_tabulate_facet_dofs_1 = 0 2
71_tabulate_facet_dofs_2 = 0 1
72_tabulate_entity_dofs_0_0 = 0
73_tabulate_entity_dofs_0_1 = 1
74_tabulate_entity_dofs_0_2 = 2
75_tabulate_entity_dofs_1_0 =
76_tabulate_entity_dofs_1_1 =
77_tabulate_entity_dofs_1_2 =
78_tabulate_entity_dofs_2_0 =
79_tabulate_coordinates_0 = 0.903 0.341
80_tabulate_coordinates_1 = 0.5610000000000001 0.767
81_tabulate_coordinates_2 = 0.987 0.783
82_num_sub_dofmaps = 0

Testing dofmap
---------------
83_needs_mesh_entities_0 = 1
84_needs_mesh_entities_1 = 0
85_needs_mesh_entities_2 = 0
86_global_dimension = 10001
87_local_dimension = 3
88_max_local_dimension = 3
89_geometric_dimension = 2
90_num_facet_dofs = 2
91_num_entity_dofs_0 = 1
92_num_entity_dofs_1 = 0
93_num_entity_dofs_2 = 0
94_tabulate_dofs = 0 0 0
95_tabulate_facet_dofs_0 = 1 2
96_tabulate_facet_dofs_1 = 0 2
97_tabulate_facet_dofs_2 = 0 1
98_tabulate_entity_dofs_0_0 = 0
99_tabulate_entity_dofs_0_1 = 1
100_tabulate_entity_dofs_0_2 = 2
101_tabulate_entity_dofs_1_0 =
102_tabulate_entity_dofs_1_1 =
103_tabulate_entity_dofs_1_2 =
104_tabulate_entity_dofs_2_0 =
105_tabulate_coordinates_0 = 0.903 0.341
106_tabulate_coordinates_1 = 0.5610000000000001 0.767
107_tabulate_coordinates_2 = 0.987 0.783
108_num_sub_dofmaps = 0

Testing cell_integral
---------------------
109_tabulate_tensor = 2.20546384350462
