
Testing form
------------
0_num_coefficients = 0
1_num_cell_domains = 2
2_num_exterior_facet_domains = 0
3_num_interior_facet_domains = 0
4_num_point_domains = 0

Testing finite_element
----------------------
5_cell_shape = 1
6_space_dimension = 3
7_value_rank = 0
8_evaluate_basis:_0 = 1.471885262292243
9_evaluate_basis:_1 = 2.026670541349323
10_evaluate_basis:_2 = -2.498555720362926
11_evaluate_basis_all = 1.471885262292243 2.026670541349323 -2.498555720362926
12_evaluate_basis_derivatives_0_0 = 1.471885262292243
13_evaluate_basis_derivatives_0_1 = 0.08558527756860768 -2.278708502584256
14_evaluate_basis_derivatives_0_2 = 0 0 0 0
15_evaluate_basis_derivatives_1_0 = 2.026670541349323
16_evaluate_basis_derivatives_1_1 = -2.364293847937597 0.449322748907743
17_evaluate_basis_derivatives_1_2 = 0 0 0 0
18_evaluate_basis_derivatives_2_0 = -2.498555720362926
19_evaluate_basis_derivatives_2_1 = 2.278708502007734 1.829385698794941
20_evaluate_basis_derivatives_2_2 = 0 0 0 0
21_evaluate_basis_derivatives_all_0 = 1.471885262292243 2.026670541349323 -2.498555720362926
22_evaluate_basis_derivatives_all_1 = 0.08558527756860768 -2.278708502584256 -2.364293847937597 0.449322748907743 2.278708502007734 1.829385698794941
23_evaluate_basis_derivatives_all_2 = 0 0 0 0 0 0 0 0 0 0 0 0
24_evaluate_dof_0 = 0.3079230000000001
25_evaluate_dof_1 = 0.430287
26_evaluate_dof_2 = 0.772821
27_evaluate_dofs = 0.3079230000000001 0.430287 0.772821
28_interpolate_vertex_values = 0.3079230000000001 0.430287 0.772821
29_num_sub_elements = 0

Testing finite_element
----------------------
30_cell_shape = 1
31_space_dimension = 3
32_value_rank = 0
33_evaluate_basis:_0 = 1.471885262292243
34_evaluate_basis:_1 = 2.026670541349323
35_evaluate_basis:_2 = -2.498555720362926
36_evaluate_basis_all = 1.471885262292243 2.026670541349323 -2.498555720362926
37_evaluate_basis_derivatives_0_0 = 1.471885262292243
38_evaluate_basis_derivatives_0_1 = 0.08558527756860768 -2.278708502584256
39_evaluate_basis_derivatives_0_2 = 0 0 0 0
40_evaluate_basis_derivatives_1_0 = 2.026670541349323
41_evaluate_basis_derivatives_1_1 = -2.364293847937597 0.449322748907743
42_evaluate_basis_derivatives_1_2 = 0 0 0 0
43_evaluate_basis_derivatives_2_0 = -2.498555720362926
44_evaluate_basis_derivatives_2_1 = 2.278708502007734 1.829385698794941
45_evaluate_basis_derivatives_2_2 = 0 0 0 0
46_evaluate_basis_derivatives_all_0 = 1.471885262292243 2.026670541349323 -2.498555720362926
47_evaluate_basis_derivatives_all_1 = 0.08558527756860768 -2.278708502584256 -2.364293847937597 0.449322748907743 2.278708502007734 1.829385698794941
48_evaluate_basis_derivatives_all_2 = 0 0 0 0 0 0 0 0 0 0 0 0
49_evaluate_dof_0 = 0.3079230000000001
50_evaluate_dof_1 = 0.430287
51_evaluate_dof_2 = 0.772821
52_evaluate_dofs = 0.3079230000000001 0.430287 0.772821
53_interpolate_vertex_values = 0.3079230000000001 0.430287 0.772821
54_num_sub_elements = 0

Testing dofmap
---------------
55_needs_mesh_entities_0 = 1
56_needs_mesh_entities_1 = 0
57_needs_mesh_entities_2 = 0
58_global_dimension = 10001
59_local_dimension = 3
60_max_local_dimension = 3
61_geometric_dimension = 2
62_num_facet_dofs = 2
63_num_entity_dofs_0 = 1
64_num_entity_dofs_1 = 0
65_num_entity_dofs_2 = 0
66_tabulate_dofs = 0 0 0
67_tabulate_facet_dofs_0 = 1 2
68_tabulate_facet_dofs_1 = 0 2
69_tabulate_facet_dofs_2 = 0 1
70_tabulate_entity_dofs_0_0 = 0
71_tabulate_entity_dofs_0_1 = 1
72_tabulate_entity_dofs_0_2 = 2
73_tabulate_entity_dofs_1_0 =
74_tabulate_entity_dofs_1_1 =
75_tabulate_entity_dofs_1_2 =
76_tabulate_entity_dofs_2_0 =
77_tabulate_coordinates_0 = 0.903 0.341
78_tabulate_coordinates_1 = 0.5610000000000001 0.767
79_tabulate_coordinates_2 = 0.987 0.783
80_num_sub_dofmaps = 0

Testing dofmap
---------------
81_needs_mesh_entities_0 = 1
82_needs_mesh_entities_1 = 0
83_needs_mesh_entities_2 = 0
84_global_dimension = 10001
85_local_dimension = 3
86_max_local_dimension = 3
87_geometric_dimension = 2
88_num_facet_dofs = 2
89_num_entity_dofs_0 = 1
90_num_entity_dofs_1 = 0
91_num_entity_dofs_2 = 0
92_tabulate_dofs = 0 0 0
93_tabulate_facet_dofs_0 = 1 2
94_tabulate_facet_dofs_1 = 0 2
95_tabulate_facet_dofs_2 = 0 1
96_tabulate_entity_dofs_0_0 = 0
97_tabulate_entity_dofs_0_1 = 1
98_tabulate_entity_dofs_0_2 = 2
99_tabulate_entity_dofs_1_0 =
100_tabulate_entity_dofs_1_1 =
101_tabulate_entity_dofs_1_2 =
102_tabulate_entity_dofs_2_0 =
103_tabulate_coordinates_0 = 0.903 0.341
104_tabulate_coordinates_1 = 0.5610000000000001 0.767
105_tabulate_coordinates_2 = 0.987 0.783
106_num_sub_dofmaps = 0

Testing cell_integral
---------------------
107_tabulate_tensor = 1.473727788612973 -0.3360708239742096 -1.106498963392443 -0.3360708239742096 1.639720470848804 -1.272491645628274 -1.106498963392443 -1.272491645628274 2.410148610267037

Testing cell_integral
---------------------
108_tabulate_tensor = 0.9720991797491924 -0.229240213321437 -0.7428589664277551 -0.229240213321437 1.082760966504697 -0.85352075318326 -0.7428589664277551 -0.85352075318326 1.596379719611015
