
Testing form
------------
0_num_coefficients = 0
1_num_cell_domains = 0
2_num_exterior_facet_domains = 0
3_num_interior_facet_domains = 0
4_num_point_domains = 0

Testing finite_element
----------------------
5_cell_shape = 0
6_space_dimension = 2
7_value_rank = 0
8_evaluate_basis:_0 = -1.640350875600072
9_evaluate_basis:_1 = 2.64035087392204
10_evaluate_basis_all = -1.640350875600072 2.64035087392204
11_evaluate_basis_derivatives_0_0 = -1.640350875600072
12_evaluate_basis_derivatives_0_1 = 2.923976592087365
13_evaluate_basis_derivatives_0_2 = 0
14_evaluate_basis_derivatives_1_0 = 2.64035087392204
15_evaluate_basis_derivatives_1_1 = -2.923976592087365
16_evaluate_basis_derivatives_1_2 = 0
17_evaluate_basis_derivatives_all_0 = -1.640350875600072 2.64035087392204
18_evaluate_basis_derivatives_all_1 = 2.923976592087365 -2.923976592087365
19_evaluate_basis_derivatives_all_2 = 0 0
20_evaluate_dof_0 = 0.903
21_evaluate_dof_1 = 0.5610000000000001
22_evaluate_dofs = 0.903 0.5610000000000001
23_interpolate_vertex_values = 0.903 0.5610000000000001
24_num_sub_elements = 0

Testing finite_element
----------------------
25_cell_shape = 0
26_space_dimension = 2
27_value_rank = 0
28_evaluate_basis:_0 = -1.640350875600072
29_evaluate_basis:_1 = 2.64035087392204
30_evaluate_basis_all = -1.640350875600072 2.64035087392204
31_evaluate_basis_derivatives_0_0 = -1.640350875600072
32_evaluate_basis_derivatives_0_1 = 2.923976592087365
33_evaluate_basis_derivatives_0_2 = 0
34_evaluate_basis_derivatives_1_0 = 2.64035087392204
35_evaluate_basis_derivatives_1_1 = -2.923976592087365
36_evaluate_basis_derivatives_1_2 = 0
37_evaluate_basis_derivatives_all_0 = -1.640350875600072 2.64035087392204
38_evaluate_basis_derivatives_all_1 = 2.923976592087365 -2.923976592087365
39_evaluate_basis_derivatives_all_2 = 0 0
40_evaluate_dof_0 = 0.903
41_evaluate_dof_1 = 0.5610000000000001
42_evaluate_dofs = 0.903 0.5610000000000001
43_interpolate_vertex_values = 0.903 0.5610000000000001
44_num_sub_elements = 0

Testing dofmap
---------------
45_needs_mesh_entities_0 = 1
46_needs_mesh_entities_1 = 0
47_global_dimension = 10001
48_local_dimension = 2
49_max_local_dimension = 2
50_geometric_dimension = 1
51_num_facet_dofs = 1
52_num_entity_dofs_0 = 1
53_num_entity_dofs_1 = 0
54_tabulate_dofs = 0 0
55_tabulate_facet_dofs_0 = 0
56_tabulate_facet_dofs_1 = 1
57_tabulate_entity_dofs_0_0 = 0
58_tabulate_entity_dofs_0_1 = 1
59_tabulate_entity_dofs_1_0 =
60_tabulate_coordinates_0 = 0.903
61_tabulate_coordinates_1 = 0.5610000000000001
62_num_sub_dofmaps = 0

Testing dofmap
---------------
63_needs_mesh_entities_0 = 1
64_needs_mesh_entities_1 = 0
65_global_dimension = 10001
66_local_dimension = 2
67_max_local_dimension = 2
68_geometric_dimension = 1
69_num_facet_dofs = 1
70_num_entity_dofs_0 = 1
71_num_entity_dofs_1 = 0
72_tabulate_dofs = 0 0
73_tabulate_facet_dofs_0 = 0
74_tabulate_facet_dofs_1 = 1
75_tabulate_entity_dofs_0_0 = 0
76_tabulate_entity_dofs_0_1 = 1
77_tabulate_entity_dofs_1_0 =
78_tabulate_coordinates_0 = 0.903
79_tabulate_coordinates_1 = 0.5610000000000001
80_num_sub_dofmaps = 0

Testing form
------------
81_num_coefficients = 1
82_num_cell_domains = 0
83_num_exterior_facet_domains = 0
84_num_interior_facet_domains = 0
85_num_point_domains = 0

Testing finite_element
----------------------
86_cell_shape = 0
87_space_dimension = 2
88_value_rank = 0
89_evaluate_basis:_0 = -1.640350875600072
90_evaluate_basis:_1 = 2.64035087392204
91_evaluate_basis_all = -1.640350875600072 2.64035087392204
92_evaluate_basis_derivatives_0_0 = -1.640350875600072
93_evaluate_basis_derivatives_0_1 = 2.923976592087365
94_evaluate_basis_derivatives_0_2 = 0
95_evaluate_basis_derivatives_1_0 = 2.64035087392204
96_evaluate_basis_derivatives_1_1 = -2.923976592087365
97_evaluate_basis_derivatives_1_2 = 0
98_evaluate_basis_derivatives_all_0 = -1.640350875600072 2.64035087392204
99_evaluate_basis_derivatives_all_1 = 2.923976592087365 -2.923976592087365
100_evaluate_basis_derivatives_all_2 = 0 0
101_evaluate_dof_0 = 0.903
102_evaluate_dof_1 = 0.5610000000000001
103_evaluate_dofs = 0.903 0.5610000000000001
104_interpolate_vertex_values = 0.903 0.5610000000000001
105_num_sub_elements = 0

Testing finite_element
----------------------
106_cell_shape = 0
107_space_dimension = 2
108_value_rank = 0
109_evaluate_basis:_0 = -1.640350875600072
110_evaluate_basis:_1 = 2.64035087392204
111_evaluate_basis_all = -1.640350875600072 2.64035087392204
112_evaluate_basis_derivatives_0_0 = -1.640350875600072
113_evaluate_basis_derivatives_0_1 = 2.923976592087365
114_evaluate_basis_derivatives_0_2 = 0
115_evaluate_basis_derivatives_1_0 = 2.64035087392204
116_evaluate_basis_derivatives_1_1 = -2.923976592087365
117_evaluate_basis_derivatives_1_2 = 0
118_evaluate_basis_derivatives_all_0 = -1.640350875600072 2.64035087392204
119_evaluate_basis_derivatives_all_1 = 2.923976592087365 -2.923976592087365
120_evaluate_basis_derivatives_all_2 = 0 0
121_evaluate_dof_0 = 0.903
122_evaluate_dof_1 = 0.5610000000000001
123_evaluate_dofs = 0.903 0.5610000000000001
124_interpolate_vertex_values = 0.903 0.5610000000000001
125_num_sub_elements = 0

Testing dofmap
---------------
126_needs_mesh_entities_0 = 1
127_needs_mesh_entities_1 = 0
128_global_dimension = 10001
129_local_dimension = 2
130_max_local_dimension = 2
131_geometric_dimension = 1
132_num_facet_dofs = 1
133_num_entity_dofs_0 = 1
134_num_entity_dofs_1 = 0
135_tabulate_dofs = 0 0
136_tabulate_facet_dofs_0 = 0
137_tabulate_facet_dofs_1 = 1
138_tabulate_entity_dofs_0_0 = 0
139_tabulate_entity_dofs_0_1 = 1
140_tabulate_entity_dofs_1_0 =
141_tabulate_coordinates_0 = 0.903
142_tabulate_coordinates_1 = 0.5610000000000001
143_num_sub_dofmaps = 0

Testing dofmap
---------------
144_needs_mesh_entities_0 = 1
145_needs_mesh_entities_1 = 0
146_global_dimension = 10001
147_local_dimension = 2
148_max_local_dimension = 2
149_geometric_dimension = 1
150_num_facet_dofs = 1
151_num_entity_dofs_0 = 1
152_num_entity_dofs_1 = 0
153_tabulate_dofs = 0 0
154_tabulate_facet_dofs_0 = 0
155_tabulate_facet_dofs_1 = 1
156_tabulate_entity_dofs_0_0 = 0
157_tabulate_entity_dofs_0_1 = 1
158_tabulate_entity_dofs_1_0 =
159_tabulate_coordinates_0 = 0.903
160_tabulate_coordinates_1 = 0.5610000000000001
161_num_sub_dofmaps = 0
