
Testing form
------------
0_num_coefficients = 1
1_has_cell_integrals = 1
2_has_exterior_facet_integrals = 1
3_has_interior_facet_integrals = 0
4_num_cell_domains = 3
5_num_exterior_facet_domains = 6
6_num_interior_facet_domains = 0

Testing finite_element
----------------------
7_cell_shape = 3
8_space_dimension = 4
9_value_rank = 0
10_evaluate_basis:_0 = 0.6513806628275918
11_evaluate_basis:_1 = -1.6643198169362
12_evaluate_basis:_2 = 0.1133045776925702
13_evaluate_basis:_3 = 1.899634563032329
14_evaluate_basis_all = 0.6513806628275918 -1.6643198169362 0.1133045776925702 1.899634563032329
15_evaluate_basis_derivatives_0_0 = 0.6513806628275918
16_evaluate_basis_derivatives_0_1 = 0.8142105111279443 -2.123895155788242 0.4873385946136455
17_evaluate_basis_derivatives_0_2 = 0 0 0 0 0 0 0 0 0
18_evaluate_basis_derivatives_1_0 = -1.6643198169362
19_evaluate_basis_derivatives_1_1 = 0.9133825630703856 1.145741683084886 2.192263029714702
20_evaluate_basis_derivatives_1_2 = 0 0 0 0 0 0 0 0 0
21_evaluate_basis_derivatives_2_0 = 0.1133045776925702
22_evaluate_basis_derivatives_2_1 = -0.04067794577707189 1.336577910685222 -1.551313955871445
23_evaluate_basis_derivatives_2_2 = 0 0 0 0 0 0 0 0 0
24_evaluate_basis_derivatives_3_0 = 1.899634563032329
25_evaluate_basis_derivatives_3_1 = -1.686915122451605 -0.3584245005229043 -1.128287592169393
26_evaluate_basis_derivatives_3_2 = 0 0 0 0 0 0 0 0 0
27_evaluate_basis_derivatives_all_0 = 0.6513806628275918 -1.6643198169362 0.1133045776925702 1.899634563032329
28_evaluate_basis_derivatives_all_1 = 0.8142105111279443 -2.123895155788242 0.4873385946136455 0.9133825630703856 1.145741683084886 2.192263029714702 -0.04067794577707189 1.336577910685222 -1.551313955871445 -1.686915122451605 -0.3584245005229043 -1.128287592169393
29_evaluate_basis_derivatives_all_2 = 0 0 0 0 0 0 0 0 0 0 0 0 0 0 0 0 0 0 0 0 0 0 0 0 0 0 0 0 0 0 0 0 0 0 0 0
30_evaluate_dof_0 = 0.140720811
31_evaluate_dof_1 = 0.358429071
32_evaluate_dof_2 = 0.147608811
33_evaluate_dof_3 = 0.04602500100000001
34_evaluate_dofs = 0.140720811 0.358429071 0.147608811 0.04602500100000001
35_interpolate_vertex_values = 0.140720811 0.358429071 0.147608811 0.04602500100000001
36_num_sub_elements = 0

Testing dofmap
---------------
37_needs_mesh_entities_0 = 1
38_needs_mesh_entities_1 = 0
39_needs_mesh_entities_2 = 0
40_needs_mesh_entities_3 = 0
41_global_dimension = 10001
42_local_dimension = 4
43_max_local_dimension = 4
44_geometric_dimension = 3
45_num_facet_dofs = 3
46_num_entity_dofs_0 = 1
47_num_entity_dofs_1 = 0
48_num_entity_dofs_2 = 0
49_num_entity_dofs_3 = 0
50_tabulate_dofs = 0 0 0 0
51_tabulate_facet_dofs_0 = 1 2 3
52_tabulate_facet_dofs_1 = 0 2 3
53_tabulate_facet_dofs_2 = 0 1 3
54_tabulate_facet_dofs_3 = 0 1 2
55_tabulate_entity_dofs_0_0 = 0
56_tabulate_entity_dofs_0_1 = 1
57_tabulate_entity_dofs_0_2 = 2
58_tabulate_entity_dofs_0_3 = 3
59_tabulate_entity_dofs_1_0 =
60_tabulate_entity_dofs_1_1 =
61_tabulate_entity_dofs_1_2 =
62_tabulate_entity_dofs_1_3 =
63_tabulate_entity_dofs_1_4 =
64_tabulate_entity_dofs_1_5 =
65_tabulate_entity_dofs_2_0 =
66_tabulate_entity_dofs_2_1 =
67_tabulate_entity_dofs_2_2 =
68_tabulate_entity_dofs_2_3 =
69_tabulate_entity_dofs_3_0 =
70_tabulate_coordinates_0 = 0.903 0.341 0.457
71_tabulate_coordinates_1 = 0.5610000000000001 0.767 0.833
72_tabulate_coordinates_2 = 0.987 0.783 0.191
73_tabulate_coordinates_3 = 0.123 0.5610000000000001 0.667
74_num_sub_dofmaps = 0

Testing cell_integral
---------------------
75_tabulate_tensor = 0.0069038250552306

Testing exterior_facet_integral
-------------------------------
76_tabulate_tensor_0 = 0.0578157034656348
77_tabulate_tensor_1 = 0.05825405301080629
78_tabulate_tensor_2 = 0.03959102291945829
79_tabulate_tensor_3 = 0.03414692020900983
