
Testing finite_element
----------------------
0_cell_shape = 1
1_space_dimension = 1
2_value_rank = 0
3_evaluate_basis:_0 = 1
4_evaluate_basis_all = 1
5_evaluate_basis_derivatives_0_0 = 1
6_evaluate_basis_derivatives_0_1 = 0 0
7_evaluate_basis_derivatives_0_2 = 0 0 0 0
8_evaluate_basis_derivatives_all_0 = 1
9_evaluate_basis_derivatives_all_1 = 0 0
10_evaluate_basis_derivatives_all_2 = 0 0 0 0
11_evaluate_dof_0 = 0.5149823230336866
12_evaluate_dofs = 0.5149823230336866
13_interpolate_vertex_values = 0.5149823230336866 0.5149823230336866 0.5149823230336866
14_num_sub_elements = 0

Testing finite_element
----------------------
15_cell_shape = 1
16_space_dimension = 3
17_value_rank = 1
18_value_dimension_0 = 3
19_evaluate_basis:_0 = 1 0 0
20_evaluate_basis:_1 = 0 1 0
21_evaluate_basis:_2 = 0 0 1
22_evaluate_basis_all = 1 0 0 0 1 0 0 0 1
23_evaluate_basis_derivatives_0_0 = 1 0 0
24_evaluate_basis_derivatives_0_1 = 0 0 0 0 0 0
25_evaluate_basis_derivatives_0_2 = 0 0 0 0 0 0 0 0 0 0 0 0
26_evaluate_basis_derivatives_1_0 = 0 1 0
27_evaluate_basis_derivatives_1_1 = 0 0 0 0 0 0
28_evaluate_basis_derivatives_1_2 = 0 0 0 0 0 0 0 0 0 0 0 0
29_evaluate_basis_derivatives_2_0 = 0 0 1
30_evaluate_basis_derivatives_2_1 = 0 0 0 0 0 0
31_evaluate_basis_derivatives_2_2 = 0 0 0 0 0 0 0 0 0 0 0 0
32_evaluate_basis_derivatives_all_0 = 1 0 0 0 1 0 0 0 1
33_evaluate_basis_derivatives_all_1 = 0 0 0 0 0 0 0 0 0 0 0 0 0 0 0 0 0 0
34_evaluate_basis_derivatives_all_2 = 0 0 0 0 0 0 0 0 0 0 0 0 0 0 0 0 0 0 0 0 0 0 0 0 0 0 0 0 0 0 0 0 0 0 0 0
35_evaluate_dof_0 = 0.5149823230336866
36_evaluate_dof_1 = 2.059929292134747
37_evaluate_dof_2 = 4.63484090730318
38_evaluate_dofs = 0.5149823230336866 2.059929292134747 4.63484090730318
39_interpolate_vertex_values = 0.5149823230336866 2.059929292134747 4.63484090730318 0.5149823230336866 2.059929292134747 4.63484090730318 0.5149823230336866 2.059929292134747 4.63484090730318
40_num_sub_elements = 3

Testing finite_element
----------------------
41_cell_shape = 1
42_space_dimension = 1
43_value_rank = 0
44_evaluate_basis:_0 = 1
45_evaluate_basis_all = 1
46_evaluate_basis_derivatives_0_0 = 1
47_evaluate_basis_derivatives_0_1 = 0 0
48_evaluate_basis_derivatives_0_2 = 0 0 0 0
49_evaluate_basis_derivatives_all_0 = 1
50_evaluate_basis_derivatives_all_1 = 0 0
51_evaluate_basis_derivatives_all_2 = 0 0 0 0
52_evaluate_dof_0 = 0.5149823230336866
53_evaluate_dofs = 0.5149823230336866
54_interpolate_vertex_values = 0.5149823230336866 0.5149823230336866 0.5149823230336866
55_num_sub_elements = 0

Testing finite_element
----------------------
56_cell_shape = 1
57_space_dimension = 1
58_value_rank = 0
59_evaluate_basis:_0 = 1
60_evaluate_basis_all = 1
61_evaluate_basis_derivatives_0_0 = 1
62_evaluate_basis_derivatives_0_1 = 0 0
63_evaluate_basis_derivatives_0_2 = 0 0 0 0
64_evaluate_basis_derivatives_all_0 = 1
65_evaluate_basis_derivatives_all_1 = 0 0
66_evaluate_basis_derivatives_all_2 = 0 0 0 0
67_evaluate_dof_0 = 0.5149823230336866
68_evaluate_dofs = 0.5149823230336866
69_interpolate_vertex_values = 0.5149823230336866 0.5149823230336866 0.5149823230336866
70_num_sub_elements = 0

Testing finite_element
----------------------
71_cell_shape = 1
72_space_dimension = 1
73_value_rank = 0
74_evaluate_basis:_0 = 1
75_evaluate_basis_all = 1
76_evaluate_basis_derivatives_0_0 = 1
77_evaluate_basis_derivatives_0_1 = 0 0
78_evaluate_basis_derivatives_0_2 = 0 0 0 0
79_evaluate_basis_derivatives_all_0 = 1
80_evaluate_basis_derivatives_all_1 = 0 0
81_evaluate_basis_derivatives_all_2 = 0 0 0 0
82_evaluate_dof_0 = 0.5149823230336866
83_evaluate_dofs = 0.5149823230336866
84_interpolate_vertex_values = 0.5149823230336866 0.5149823230336866 0.5149823230336866
85_num_sub_elements = 0
