
Testing form
------------
0_num_coefficients = 2
1_num_cell_domains = 1
2_num_exterior_facet_domains = 0
3_num_interior_facet_domains = 0

Testing finite_element
----------------------
4_cell_shape = 1
5_space_dimension = 3
6_value_rank = 0
7_evaluate_basis:_0 = 1.471885262292243
8_evaluate_basis:_1 = 2.026670541349323
9_evaluate_basis:_2 = -2.498555720362926
10_evaluate_basis_all = 1.471885262292243 2.026670541349323 -2.498555720362926
11_evaluate_basis_derivatives_0_0 = 1.471885262292243
12_evaluate_basis_derivatives_0_1 = 0.08558527756860768 -2.278708502584256
13_evaluate_basis_derivatives_0_2 = 0 0 0 0
14_evaluate_basis_derivatives_1_0 = 2.026670541349323
15_evaluate_basis_derivatives_1_1 = -2.364293847937597 0.449322748907743
16_evaluate_basis_derivatives_1_2 = 0 0 0 0
17_evaluate_basis_derivatives_2_0 = -2.498555720362926
18_evaluate_basis_derivatives_2_1 = 2.278708502007734 1.829385698794941
19_evaluate_basis_derivatives_2_2 = 0 0 0 0
20_evaluate_basis_derivatives_all_0 = 1.471885262292243 2.026670541349323 -2.498555720362926
21_evaluate_basis_derivatives_all_1 = 0.08558527756860768 -2.278708502584256 -2.364293847937597 0.449322748907743 2.278708502007734 1.829385698794941
22_evaluate_basis_derivatives_all_2 = 0 0 0 0 0 0 0 0 0 0 0 0
23_evaluate_dof_0 = 0.3079230000000001
24_evaluate_dof_1 = 0.430287
25_evaluate_dof_2 = 0.772821
26_evaluate_dofs = 0.3079230000000001 0.430287 0.772821
27_interpolate_vertex_values = 0.3079230000000001 0.430287 0.772821
28_num_sub_elements = 0

Testing finite_element
----------------------
29_cell_shape = 1
30_space_dimension = 3
31_value_rank = 0
32_evaluate_basis:_0 = 1.471885262292243
33_evaluate_basis:_1 = 2.026670541349323
34_evaluate_basis:_2 = -2.498555720362926
35_evaluate_basis_all = 1.471885262292243 2.026670541349323 -2.498555720362926
36_evaluate_basis_derivatives_0_0 = 1.471885262292243
37_evaluate_basis_derivatives_0_1 = 0.08558527756860768 -2.278708502584256
38_evaluate_basis_derivatives_0_2 = 0 0 0 0
39_evaluate_basis_derivatives_1_0 = 2.026670541349323
40_evaluate_basis_derivatives_1_1 = -2.364293847937597 0.449322748907743
41_evaluate_basis_derivatives_1_2 = 0 0 0 0
42_evaluate_basis_derivatives_2_0 = -2.498555720362926
43_evaluate_basis_derivatives_2_1 = 2.278708502007734 1.829385698794941
44_evaluate_basis_derivatives_2_2 = 0 0 0 0
45_evaluate_basis_derivatives_all_0 = 1.471885262292243 2.026670541349323 -2.498555720362926
46_evaluate_basis_derivatives_all_1 = 0.08558527756860768 -2.278708502584256 -2.364293847937597 0.449322748907743 2.278708502007734 1.829385698794941
47_evaluate_basis_derivatives_all_2 = 0 0 0 0 0 0 0 0 0 0 0 0
48_evaluate_dof_0 = 0.3079230000000001
49_evaluate_dof_1 = 0.430287
50_evaluate_dof_2 = 0.772821
51_evaluate_dofs = 0.3079230000000001 0.430287 0.772821
52_interpolate_vertex_values = 0.3079230000000001 0.430287 0.772821
53_num_sub_elements = 0

Testing dofmap
---------------
54_needs_mesh_entities_0 = 1
55_needs_mesh_entities_1 = 0
56_needs_mesh_entities_2 = 0
57_init_mesh = 0
58_init_cell = 0
59_init_cell_finalize = 0
60_global_dimension = 10001
61_local_dimension = 3
62_max_local_dimension = 3
63_geometric_dimension = 2
64_num_facet_dofs = 2
65_num_entity_dofs_0 = 1
66_num_entity_dofs_1 = 0
67_num_entity_dofs_2 = 0
68_tabulate_dofs = 0 0 0
69_tabulate_facet_dofs_0 = 1 2
70_tabulate_facet_dofs_1 = 0 2
71_tabulate_facet_dofs_2 = 0 1
72_tabulate_entity_dofs_0_0 = 0
73_tabulate_entity_dofs_0_1 = 1
74_tabulate_entity_dofs_0_2 = 2
75_tabulate_entity_dofs_1_0 =
76_tabulate_entity_dofs_1_1 =
77_tabulate_entity_dofs_1_2 =
78_tabulate_entity_dofs_2_0 =
79_tabulate_coordinates_0 = 0.903 0.341
80_tabulate_coordinates_1 = 0.5610000000000001 0.767
81_tabulate_coordinates_2 = 0.987 0.783
82_num_sub_dofmaps = 0

Testing dofmap
---------------
83_needs_mesh_entities_0 = 1
84_needs_mesh_entities_1 = 0
85_needs_mesh_entities_2 = 0
86_init_mesh = 0
87_init_cell = 0
88_init_cell_finalize = 0
89_global_dimension = 10001
90_local_dimension = 3
91_max_local_dimension = 3
92_geometric_dimension = 2
93_num_facet_dofs = 2
94_num_entity_dofs_0 = 1
95_num_entity_dofs_1 = 0
96_num_entity_dofs_2 = 0
97_tabulate_dofs = 0 0 0
98_tabulate_facet_dofs_0 = 1 2
99_tabulate_facet_dofs_1 = 0 2
100_tabulate_facet_dofs_2 = 0 1
101_tabulate_entity_dofs_0_0 = 0
102_tabulate_entity_dofs_0_1 = 1
103_tabulate_entity_dofs_0_2 = 2
104_tabulate_entity_dofs_1_0 =
105_tabulate_entity_dofs_1_1 =
106_tabulate_entity_dofs_1_2 =
107_tabulate_entity_dofs_2_0 =
108_tabulate_coordinates_0 = 0.903 0.341
109_tabulate_coordinates_1 = 0.5610000000000001 0.767
110_tabulate_coordinates_2 = 0.987 0.783
111_num_sub_dofmaps = 0

Testing cell_integral
---------------------
112_tabulate_tensor = -nan
