
Testing finite_element
----------------------
0_cell_shape = 1
1_space_dimension = 8
2_value_rank = 1
3_value_dimension_0 = 2
4_evaluate_basis:_0 = -13.77961915284557 30.6192770071617
5_evaluate_basis:_1 = 20.08028487791751 -54.22717636540226
6_evaluate_basis:_2 = 14.0839530219834 -17.35934716596961
7_evaluate_basis:_3 = -39.43943419270301 38.68532409860263
8_evaluate_basis:_4 = -14.37628290439227 25.14263088567836
9_evaluate_basis:_5 = -25.79025906081219 32.9018420575445
10_evaluate_basis:_6 = 88.20583015194464 -162.4060971045282
11_evaluate_basis:_7 = 42.66704718135572 8.222616025827596
12_evaluate_basis_all = -13.77961915284557 30.6192770071617 20.08028487791751 -54.22717636540226 14.0839530219834 -17.35934716596961 -39.43943419270301 38.68532409860263 -14.37628290439227 25.14263088567836 -25.79025906081219 32.9018420575445 88.20583015194464 -162.4060971045282 42.66704718135572 8.222616025827596
13_evaluate_basis_derivatives_0_0 = -13.77961915284557 30.6192770071617
14_evaluate_basis_derivatives_0_1 = 17.57905251179263 34.67340462965411 -79.36925189192006 7.859327856727147
15_evaluate_basis_derivatives_0_2 = -6.529527916079203e-07 -50.58719898686952 -50.58719797586254 19.22771184345122 101.1743954621724 -9.61385670840739 -9.613856329552897 -3.296946168232682e-07
16_evaluate_basis_derivatives_1_0 = 20.08028487791751 -54.22717636540226
17_evaluate_basis_derivatives_1_1 = -17.13772635561377 -72.56744641390956 103.8595218518351 36.16732835284144
18_evaluate_basis_derivatives_1_2 = -2.947597707247951e-06 48.7559841393141 48.75598455944499 78.28425846074646 -97.51197385202957 -39.14213068649368 -39.14213034920549 -2.710237012593097e-07
19_evaluate_basis_derivatives_2_0 = 14.0839530219834 -17.35934716596961
20_evaluate_basis_derivatives_2_1 = 1.026392472177214 -53.47158377370924 24.9599748846815 31.52074526700397
21_evaluate_basis_derivatives_2_2 = 8.557416748544711e-07 -1.831211269968776 -1.831209838830873 97.51197317634472 3.662422202047271 -48.75598691971015 -48.75598620356749 -2.192270294187892e-07
22_evaluate_basis_derivatives_3_0 = -39.43943419270301 38.68532409860263
23_evaluate_basis_derivatives_3_1 = 32.71526393123791 85.07335686194584 -91.35361140379882 -26.12737207765739
24_evaluate_basis_derivatives_3_2 = 2.947597707247951e-06 -48.7559841393141 -48.75598455944499 -78.28425846074646 97.51197385202957 39.14213068649368 39.14213034920549 2.710237012593097e-07
25_evaluate_basis_derivatives_4_0 = -14.37628290439227 25.14263088567836
26_evaluate_basis_derivatives_4_1 = -1.048367106040416 54.05665571289472 -24.37490291014589 -47.09828269463669
27_evaluate_basis_derivatives_4_2 = -8.557416748544711e-07 1.831211269968776 1.831209838830873 -97.51197317634472 -3.662422202047271 48.75598691971015 48.75598620356749 2.192270294187892e-07
28_evaluate_basis_derivatives_5_0 = -25.79025906081219 32.9018420575445
29_evaluate_basis_derivatives_5_1 = 34.34870851057563 31.48641128883684 -82.55624533965258 8.465000799325905
30_evaluate_basis_derivatives_5_2 = -6.529527916079203e-07 -50.58719898686952 -50.58719797586254 19.22771184345122 101.1743954621724 -9.61385670840739 -9.613856329552897 -3.296946168232682e-07
31_evaluate_basis_derivatives_6_0 = 88.20583015194464 -162.4060971045282
32_evaluate_basis_derivatives_6_1 = -65.71803431875753 -246.8742203809595 262.8428333510249 165.3198739546578
33_evaluate_basis_derivatives_6_2 = -1.285421319607849e-06 93.84954806548748 93.84955176802498 351.5924651421741 -187.6991009731678 -175.7962333444159 -175.7962312375541 5.191539358406771e-07
34_evaluate_basis_derivatives_7_0 = 42.66704718135572 8.222616025827596
35_evaluate_basis_derivatives_7_1 = -68.36596300155642 12.58453659490039 83.80673295727381 -98.84005796846193
36_evaluate_basis_derivatives_7_2 = -2.405860584531183e-06 104.8368194373012 104.8368145530116 -233.4793663521481 -209.6736341543941 116.7396859602164 116.7396837702221 1.573043039826416e-06
37_evaluate_basis_derivatives_all_0 = -13.77961915284557 30.6192770071617 20.08028487791751 -54.22717636540226 14.0839530219834 -17.35934716596961 -39.43943419270301 38.68532409860263 -14.37628290439227 25.14263088567836 -25.79025906081219 32.9018420575445 88.20583015194464 -162.4060971045282 42.66704718135572 8.222616025827596
38_evaluate_basis_derivatives_all_1 = 17.57905251179263 34.67340462965411 -79.36925189192006 7.859327856727147 -17.13772635561377 -72.56744641390956 103.8595218518351 36.16732835284144 1.026392472177214 -53.47158377370924 24.9599748846815 31.52074526700397 32.71526393123791 85.07335686194584 -91.35361140379882 -26.12737207765739 -1.048367106040416 54.05665571289472 -24.37490291014589 -47.09828269463669 34.34870851057563 31.48641128883684 -82.55624533965258 8.465000799325905 -65.71803431875753 -246.8742203809595 262.8428333510249 165.3198739546578 -68.36596300155642 12.58453659490039 83.80673295727381 -98.84005796846193
39_evaluate_basis_derivatives_all_2 = -6.529527916079203e-07 -50.58719898686952 -50.58719797586254 19.22771184345122 101.1743954621724 -9.61385670840739 -9.613856329552897 -3.296946168232682e-07 -2.947597707247951e-06 48.7559841393141 48.75598455944499 78.28425846074646 -97.51197385202957 -39.14213068649368 -39.14213034920549 -2.710237012593097e-07 8.557416748544711e-07 -1.831211269968776 -1.831209838830873 97.51197317634472 3.662422202047271 -48.75598691971015 -48.75598620356749 -2.192270294187892e-07 2.947597707247951e-06 -48.7559841393141 -48.75598455944499 -78.28425846074646 97.51197385202957 39.14213068649368 39.14213034920549 2.710237012593097e-07 -8.557416748544711e-07 1.831211269968776 1.831209838830873 -97.51197317634472 -3.662422202047271 48.75598691971015 48.75598620356749 2.192270294187892e-07 -6.529527916079203e-07 -50.58719898686952 -50.58719797586254 19.22771184345122 101.1743954621724 -9.61385670840739 -9.613856329552897 -3.296946168232682e-07 -1.285421319607849e-06 93.84954806548748 93.84955176802498 351.5924651421741 -187.6991009731678 -175.7962333444159 -175.7962312375541 5.191539358406771e-07 -2.405860584531183e-06 104.8368194373012 104.8368145530116 -233.4793663521481 -209.6736341543941 116.7396859602164 116.7396837702221 1.573043039826416e-06
40_evaluate_dof_0 = 0.266045662777572
41_evaluate_dof_1 = 0.3219928838965165
42_evaluate_dof_2 = 0.8419901905397643
43_evaluate_dof_3 = 1.128987228279705
44_evaluate_dof_4 = 0.5190404932239868
45_evaluate_dof_5 = 0.5745937503350521
46_evaluate_dof_6 = 0.3487782360000197
47_evaluate_dof_7 = 0.4742564560000269
48_evaluate_dofs = 0.266045662777572 0.3219928838965165 0.8419901905397643 1.128987228279705 0.5190404932239868 0.5745937503350521 0.3487782360000197 0.4742564560000269
49_interpolate_vertex_values = 0.1688476192888591 1.223551929365519 0.4248217901632402 1.820272440567948 0.7723740193022626 3.056798299543564
50_num_sub_elements = 0
