
Testing form
------------
0_num_coefficients = 0
1_num_cell_domains = 1
2_num_exterior_facet_domains = 0
3_num_interior_facet_domains = 0

Testing finite_element
----------------------
4_cell_shape = 1
5_space_dimension = 6
6_value_rank = 0
7_evaluate_basis:_0 = 2.861007628639505
8_evaluate_basis:_1 = 6.188116723063644
9_evaluate_basis:_2 = 14.98411779077272
10_evaluate_basis:_3 = -20.25499747568699
11_evaluate_basis:_4 = -14.7103495465843
12_evaluate_basis:_5 = 11.93210613966836
13_evaluate_basis_all = 2.861007628639505 6.188116723063644 14.98411779077272 -20.25499747568699 -14.7103495465843 11.93210613966836
14_evaluate_basis_derivatives_0_0 = 2.861007628639505
15_evaluate_basis_derivatives_0_1 = 0.4183004942602384 -11.13728156184041
16_evaluate_basis_derivatives_0_2 = 0.02930031916979914 -0.780095146992501 -0.7800951146000976 20.77004977762397
17_evaluate_basis_derivatives_1_0 = 6.188116723063644
18_evaluate_basis_derivatives_1_1 = -16.80228488991263 3.193193339294234
19_evaluate_basis_derivatives_1_2 = 22.35954095101251 -4.24932373195942 -4.24932372067676 0.807564543541389
20_evaluate_basis_derivatives_2_0 = 14.98411779077272
21_evaluate_basis_derivatives_2_1 = -25.05263019976386 -20.11267494910619
22_evaluate_basis_derivatives_2_2 = 20.77005053887594 16.6745476157173 16.6745476157173 13.38660864923783
23_evaluate_basis_derivatives_3_0 = -20.25499747568699
24_evaluate_basis_derivatives_3_1 = 42.10204579480229 10.33961639605406
25_evaluate_basis_derivatives_3_2 = -43.10029235495854 -13.20531884676675 -13.205318825657 6.575877643515451
26_evaluate_basis_derivatives_4_0 = -14.7103495465843
27_evaluate_basis_derivatives_4_1 = 12.56063159799895 33.5445048911244
28_evaluate_basis_derivatives_4_2 = 1.560191277206663 -20.14377638466786 -20.1437764057776 -33.34909494199111
29_evaluate_basis_derivatives_5_0 = 11.93210613966836
30_evaluate_basis_derivatives_5_1 = -13.22606459028658 -15.82735976888963
31_evaluate_basis_derivatives_5_2 = -1.618789810309973 21.70396817902834 21.70396813535327 -8.191005371952112
32_evaluate_basis_derivatives_all_0 = 2.861007628639505 6.188116723063644 14.98411779077272 -20.25499747568699 -14.7103495465843 11.93210613966836
33_evaluate_basis_derivatives_all_1 = 0.4183004942602384 -11.13728156184041 -16.80228488991263 3.193193339294234 -25.05263019976386 -20.11267494910619 42.10204579480229 10.33961639605406 12.56063159799895 33.5445048911244 -13.22606459028658 -15.82735976888963
34_evaluate_basis_derivatives_all_2 = 0.02930031916979914 -0.780095146992501 -0.7800951146000976 20.77004977762397 22.35954095101251 -4.24932373195942 -4.24932372067676 0.807564543541389 20.77005053887594 16.6745476157173 16.6745476157173 13.38660864923783 -43.10029235495854 -13.20531884676675 -13.205318825657 6.575877643515451 1.560191277206663 -20.14377638466786 -20.1437764057776 -33.34909494199111 -1.618789810309973 21.70396817902834 21.70396813535327 -8.191005371952112
35_evaluate_dof_0 = 0.3079230000000001
36_evaluate_dof_1 = 0.430287
37_evaluate_dof_2 = 0.772821
38_evaluate_dof_3 = 0.59985
39_evaluate_dof_4 = 0.5310900000000001
40_evaluate_dof_5 = 0.405528
41_evaluate_dofs = 0.3079230000000001 0.430287 0.772821 0.59985 0.5310900000000001 0.405528
42_interpolate_vertex_values = 0.3079230000000001 0.430287 0.772821
43_num_sub_elements = 0

Testing dofmap
---------------
44_needs_mesh_entities_0 = 1
45_needs_mesh_entities_1 = 1
46_needs_mesh_entities_2 = 0
47_init_mesh = 0
48_init_cell = 0
49_init_cell_finalize = 0
50_global_dimension = 20003
51_local_dimension = 6
52_max_local_dimension = 6
53_geometric_dimension = 2
54_num_facet_dofs = 3
55_num_entity_dofs_0 = 1
56_num_entity_dofs_1 = 1
57_num_entity_dofs_2 = 0
58_tabulate_dofs = 0 0 0 10001 10002 10003
59_tabulate_facet_dofs_0 = 1 2 3
60_tabulate_facet_dofs_1 = 0 2 4
61_tabulate_facet_dofs_2 = 0 1 5
62_tabulate_entity_dofs_0_0 = 0
63_tabulate_entity_dofs_0_1 = 1
64_tabulate_entity_dofs_0_2 = 2
65_tabulate_entity_dofs_1_0 = 3
66_tabulate_entity_dofs_1_1 = 4
67_tabulate_entity_dofs_1_2 = 5
68_tabulate_entity_dofs_2_0 =
69_tabulate_coordinates_0 = 0.903 0.341
70_tabulate_coordinates_1 = 0.5610000000000001 0.767
71_tabulate_coordinates_2 = 0.987 0.783
72_tabulate_coordinates_3 = 0.774 0.775
73_tabulate_coordinates_4 = 0.9450000000000001 0.5620000000000001
74_tabulate_coordinates_5 = 0.732 0.554
75_num_sub_dofmaps = 0

Testing cell_integral
---------------------
76_tabulate_tensor = -0.005320033120327849 0.0007688058028343276 0.0007688058028343276 -0.0003447611102024747 -0.003075223108561021 -0.003075223108561021
