
Testing form
------------
0_num_coefficients = 1
1_num_cell_integrals = 1
2_num_exterior_facet_integrals = 0
3_num_interior_facet_integrals = 0

Testing finite_element
----------------------
4_cell_shape = 3
5_space_dimension = 4
6_value_rank = 0
7_evaluate_basis:_0 = 0.6815526892
8_evaluate_basis:_1 = -1.639571672
9_evaluate_basis:_2 = 0.08116330007
10_evaluate_basis:_3 = 1.876855683
11_evaluate_basis_all = 1.876855683 0 0 0
12_evaluate_basis_derivatives_0_0 = 0.6815526892
13_evaluate_basis_derivatives_0_1 = 0.7994645899 -2.147724507 0.4575322463
14_evaluate_basis_derivatives_0_2 = 0 0 0 0 0 0 0 0 0
15_evaluate_basis_derivatives_1_0 = -1.639571672
16_evaluate_basis_derivatives_1_1 = 0.9101971283 1.131662205 2.195181309
17_evaluate_basis_derivatives_1_2 = 0 0 0 0 0 0 0 0 0
18_evaluate_basis_derivatives_2_0 = 0.08116330007
19_evaluate_basis_derivatives_2_1 = -0.02798734485 1.368946216 -1.538087126
20_evaluate_basis_derivatives_2_2 = 0 0 0 0 0 0 0 0 0
21_evaluate_basis_derivatives_3_0 = 1.876855683
22_evaluate_basis_derivatives_3_1 = -1.681674373 -0.3528839134 -1.11462643
23_evaluate_basis_derivatives_3_2 = 0 0 0 0 0 0 0 0 0
24_evaluate_basis_derivatives_all_0 = 0 0 0 0
25_evaluate_basis_derivatives_all_1 = 0 0 0 0 0 0 0 0 0 0 0 0
26_evaluate_basis_derivatives_all_2 = 0 0 0 0 0 0 0 0 0 0 0 0 0 0 0 0 0 0 0 0 0 0 0 0 0 0 0 0 0 0 0 0 0 0 0 0
27_evaluate_dof_0 = 0.1377
28_evaluate_dof_1 = 0.353248
29_evaluate_dof_2 = 0.145236
30_evaluate_dof_3 = 0.044352
31_evaluate_dofs = 0 0 0 0
32_interpolate_vertex_values = 0.1377 0.353248 0.145236 0.044352
33_num_sub_elements = 0

Testing dof_map
---------------
34_needs_mesh_entities_0 = 1
35_needs_mesh_entities_1 = 0
36_needs_mesh_entities_2 = 0
37_needs_mesh_entities_3 = 0
38_init_mesh = 0
39_init_cell = 0
40_init_cell_finalize = 0
41_global_dimension = 10001
42_local_dimension = 4
43_max_local_dimension = 4
44_geometric_dimension = 3
45_num_facet_dofs = 3
46_num_entity_dofs_0 = 0
47_num_entity_dofs_1 = 0
48_num_entity_dofs_2 = 0
49_num_entity_dofs_3 = 0
50_tabulate_dofs = 0 0 0 0
51_tabulate_dofs_0 = 1 2 3
52_tabulate_dofs_1 = 0 2 3
53_tabulate_dofs_2 = 0 1 3
54_tabulate_dofs_3 = 0 1 2
55_tabulate_entity_dofs_0_0 =
56_tabulate_entity_dofs_0_1 =
57_tabulate_entity_dofs_0_2 =
58_tabulate_entity_dofs_0_3 =
59_tabulate_entity_dofs_1_0 =
60_tabulate_entity_dofs_1_1 =
61_tabulate_entity_dofs_1_2 =
62_tabulate_entity_dofs_1_3 =
63_tabulate_entity_dofs_1_4 =
64_tabulate_entity_dofs_1_5 =
65_tabulate_entity_dofs_2_0 =
66_tabulate_entity_dofs_2_1 =
67_tabulate_entity_dofs_2_2 =
68_tabulate_entity_dofs_2_3 =
69_tabulate_entity_dofs_3_0 =
70_tabulate_coordinates_0 = 0.9 0.34 0.45
71_tabulate_coordinates_1 = 0.56 0.76 0.83
72_tabulate_coordinates_2 = 0.98 0.78 0.19
73_tabulate_coordinates_3 = 0.12 0.56 0.66
74_num_sub_dof_maps = 0

Testing cell_integral
---------------------
75_tabulate_tensor = 0.01364558654
