
Testing form
------------
0_num_coefficients = 1
1_num_cell_integrals = 3
2_num_exterior_facet_integrals = 6
3_num_interior_facet_integrals = 0

Testing finite_element
----------------------
4_cell_shape = 3
5_space_dimension = 4
6_value_rank = 0
7_evaluate_basis:_0 = 0.681553
8_evaluate_basis:_1 = -1.63957
9_evaluate_basis:_2 = 0.0811633
10_evaluate_basis:_3 = 1.87686
11_evaluate_basis_all = 0.681553 -1.63957 0.0811633 1.87686
12_evaluate_basis_derivatives_0_0 = 0.681553
13_evaluate_basis_derivatives_0_1 = 0.799465 -2.14772 0.457532
14_evaluate_basis_derivatives_0_2 = 0 0 0 0 0 0 0 0 0
15_evaluate_basis_derivatives_1_0 = -1.63957
16_evaluate_basis_derivatives_1_1 = 0.910197 1.13166 2.19518
17_evaluate_basis_derivatives_1_2 = 0 0 0 0 0 0 0 0 0
18_evaluate_basis_derivatives_2_0 = 0.0811633
19_evaluate_basis_derivatives_2_1 = -0.0279873 1.36895 -1.53809
20_evaluate_basis_derivatives_2_2 = 0 0 0 0 0 0 0 0 0
21_evaluate_basis_derivatives_3_0 = 1.87686
22_evaluate_basis_derivatives_3_1 = -1.68167 -0.352884 -1.11463
23_evaluate_basis_derivatives_3_2 = 0 0 0 0 0 0 0 0 0
24_evaluate_basis_derivatives_all_0 = 0.681553 -1.63957 0.0811633 1.87686
25_evaluate_basis_derivatives_all_1 = 0.799465 -2.14772 0.457532 0.910197 1.13166 2.19518 -0.0279873 1.36895 -1.53809 -1.68167 -0.352884 -1.11463
26_evaluate_basis_derivatives_all_2 = 0 0 0 0 0 0 0 0 0 0 0 0 0 0 0 0 0 0 0 0 0 0 0 0 0 0 0 0 0 0 0 0 0 0 0 0
27_evaluate_dof_0 = 0.1377
28_evaluate_dof_1 = 0.353248
29_evaluate_dof_2 = 0.145236
30_evaluate_dof_3 = 0.044352
31_evaluate_dofs = 0.1377 0.353248 0.145236 0.044352
32_interpolate_vertex_values = 0.1377 0.353248 0.145236 0.044352
33_num_sub_elements = 0

Testing dof_map
---------------
34_needs_mesh_entities_0 = 1
35_needs_mesh_entities_1 = 0
36_needs_mesh_entities_2 = 0
37_needs_mesh_entities_3 = 0
38_init_mesh = 0
39_init_cell = 0
40_init_cell_finalize = 0
41_global_dimension = 10001
42_local_dimension = 4
43_max_local_dimension = 4
44_geometric_dimension = 3
45_num_facet_dofs = 3
46_num_entity_dofs_0 = 1
47_num_entity_dofs_1 = 0
48_num_entity_dofs_2 = 0
49_num_entity_dofs_3 = 0
50_tabulate_dofs = 0 0 0 0
51_tabulate_facet_dofs_0 = 1 2 3
52_tabulate_facet_dofs_1 = 0 2 3
53_tabulate_facet_dofs_2 = 0 1 3
54_tabulate_facet_dofs_3 = 0 1 2
55_tabulate_entity_dofs_0_0 = 0
56_tabulate_entity_dofs_0_1 = 1
57_tabulate_entity_dofs_0_2 = 2
58_tabulate_entity_dofs_0_3 = 3
59_tabulate_entity_dofs_1_0 =
60_tabulate_entity_dofs_1_1 =
61_tabulate_entity_dofs_1_2 =
62_tabulate_entity_dofs_1_3 =
63_tabulate_entity_dofs_1_4 =
64_tabulate_entity_dofs_1_5 =
65_tabulate_entity_dofs_2_0 =
66_tabulate_entity_dofs_2_1 =
67_tabulate_entity_dofs_2_2 =
68_tabulate_entity_dofs_2_3 =
69_tabulate_entity_dofs_3_0 =
70_tabulate_coordinates_0 = 0.9 0.34 0.45
71_tabulate_coordinates_1 = 0.56 0.76 0.83
72_tabulate_coordinates_2 = 0.98 0.78 0.19
73_tabulate_coordinates_3 = 0.12 0.56 0.66
74_num_sub_dof_maps = 0

Testing cell_integral
---------------------
75_tabulate_tensor = 0.00684833

Testing exterior_facet_integral
-------------------------------
76_tabulate_tensor_0 = 0.0576145
77_tabulate_tensor_1 = 0.0576815
78_tabulate_tensor_2 = 0.0394868
79_tabulate_tensor_3 = 0.0336635
