
Testing finite_element
----------------------
0_cell_shape = 1
1_space_dimension = 8
2_value_rank = 1
3_value_dimension_0 = 2
4_evaluate_basis:_0 = -13.77961915284557 30.6192770071617
5_evaluate_basis:_1 = 20.08028487134856 -54.22717637067593
6_evaluate_basis:_2 = 14.08395185797773 -17.35934810045303
7_evaluate_basis:_3 = -39.43943418613406 38.68532410387629
8_evaluate_basis:_4 = -14.3762817403866 25.14263182016178
9_evaluate_basis:_5 = -25.79025906081219 32.9018420575445
10_evaluate_basis:_6 = 88.20583011850846 -162.4060970981738
11_evaluate_basis:_7 = 42.66704721358153 8.222616051699015
12_evaluate_basis_all = -13.77961915284557 30.6192770071617 20.08028487134856 -54.22717637067593 14.08395185797773 -17.35934810045303 -39.43943418613406 38.68532410387629 -14.3762817403866 25.14263182016178 -25.79025906081219 32.9018420575445 88.20583011850846 -162.4060970981738 42.66704721358153 8.222616051699015
13_evaluate_basis_derivatives_0_0 = -13.77961915284557 30.6192770071617
14_evaluate_basis_derivatives_0_1 = 17.57905266918039 34.67340470559873 -79.36925184344094 7.859327952450101
15_evaluate_basis_derivatives_0_2 = -1.168706216916506e-06 -50.58719828944061 -50.58719818811117 19.22771214855386 101.1743942611761 -9.613856732915343 -9.613856701119765 -2.082395055898099e-07
16_evaluate_basis_derivatives_1_0 = 20.08028487134856 -54.22717637067593
17_evaluate_basis_derivatives_1_1 = -17.13772646260402 -72.56744663889873 103.8595219047842 36.1673282836816
18_evaluate_basis_derivatives_1_2 = -2.294895239174366e-06 48.75598461734707 48.75598466545004 78.28425850894557 -97.51197321761842 -39.14213021408122 -39.14213017546335 -1.611673603463259e-07
19_evaluate_basis_derivatives_2_0 = 14.08395185797773 -17.35934810045303
20_evaluate_basis_derivatives_2_1 = 1.026394195080783 -53.47158249169208 24.95997632882584 31.52074644244759
21_evaluate_basis_derivatives_2_2 = -4.564547424479315e-07 -1.831211257905295 -1.8312111084729 97.51197259565055 3.662420472063726 -48.75598740580157 -48.75598733538811 -7.377432762467606e-07
22_evaluate_basis_derivatives_3_0 = -39.43943418613406 38.68532410387629
23_evaluate_basis_derivatives_3_1 = 32.71526400151153 85.07335705745828 -91.35361148622465 -26.12737203216196
24_evaluate_basis_derivatives_3_2 = 2.294895239174366e-06 -48.75598461734707 -48.75598466545004 -78.28425850894557 97.51197321761842 39.14213021408122 39.14213017546335 1.611673603463259e-07
25_evaluate_basis_derivatives_4_0 = -14.3762817403866 25.14263182016178
26_evaluate_basis_derivatives_4_1 = -1.048368823617253 54.05665443392365 -24.37490449611378 -47.09828395118235
27_evaluate_basis_derivatives_4_2 = 4.564547424479315e-07 1.831211257905295 1.8312111084729 -97.51197259565055 -3.662420472063726 48.75598740580157 48.75598733538811 7.377432762467606e-07
28_evaluate_basis_derivatives_5_0 = -25.79025906081219 32.9018420575445
29_evaluate_basis_derivatives_5_1 = 34.3487084827175 31.48641125004951 -82.55624525596835 8.465000916853118
30_evaluate_basis_derivatives_5_2 = -1.168706216916506e-06 -50.58719828944061 -50.58719818811117 19.22771214855386 101.1743942611761 -9.613856732915343 -9.613856701119765 -2.082395055898099e-07
31_evaluate_basis_derivatives_6_0 = 88.20583011850846 -162.4060970981738
32_evaluate_basis_derivatives_6_1 = -65.71803447178297 -246.874220938654 262.8428335521479 165.3198739615678
33_evaluate_basis_derivatives_6_2 = 2.938816123787547e-07 93.84955137247715 93.84955176754787 351.5924659451758 -187.6991008375157 -175.796231503782 -175.7962312857193 1.201489496338581e-06
34_evaluate_basis_derivatives_7_0 = 42.66704721358153 8.222616051699015
35_evaluate_basis_derivatives_7_1 = -68.36596300203102 12.58453689765512 83.8067329907052 -98.84005808734911
36_evaluate_basis_derivatives_7_2 = -1.648251611641172e-06 104.8368156915196 104.8368151899961 -233.4793676689568 -209.6736306192313 116.7396851134233 116.7396849090052 8.675099323340874e-07
37_evaluate_basis_derivatives_all_0 = -13.77961915284557 30.6192770071617 20.08028487134856 -54.22717637067593 14.08395185797773 -17.35934810045303 -39.43943418613406 38.68532410387629 -14.3762817403866 25.14263182016178 -25.79025906081219 32.9018420575445 88.20583011850846 -162.4060970981738 42.66704721358153 8.222616051699015
38_evaluate_basis_derivatives_all_1 = 17.57905266918039 34.67340470559873 -79.36925184344094 7.859327952450101 -17.13772646260402 -72.56744663889873 103.8595219047842 36.1673282836816 1.026394195080783 -53.47158249169208 24.95997632882584 31.52074644244759 32.71526400151153 85.07335705745828 -91.35361148622465 -26.12737203216196 -1.048368823617253 54.05665443392365 -24.37490449611378 -47.09828395118235 34.3487084827175 31.48641125004951 -82.55624525596835 8.465000916853118 -65.71803447178297 -246.874220938654 262.8428335521479 165.3198739615678 -68.36596300203102 12.58453689765512 83.8067329907052 -98.84005808734911
39_evaluate_basis_derivatives_all_2 = -1.168706216916506e-06 -50.58719828944061 -50.58719818811117 19.22771214855386 101.1743942611761 -9.613856732915343 -9.613856701119765 -2.082395055898099e-07 -2.294895239174366e-06 48.75598461734707 48.75598466545004 78.28425850894557 -97.51197321761842 -39.14213021408122 -39.14213017546335 -1.611673603463259e-07 -4.564547424479315e-07 -1.831211257905295 -1.8312111084729 97.51197259565055 3.662420472063726 -48.75598740580157 -48.75598733538811 -7.377432762467606e-07 2.294895239174366e-06 -48.75598461734707 -48.75598466545004 -78.28425850894557 97.51197321761842 39.14213021408122 39.14213017546335 1.611673603463259e-07 4.564547424479315e-07 1.831211257905295 1.8312111084729 -97.51197259565055 -3.662420472063726 48.75598740580157 48.75598733538811 7.377432762467606e-07 -1.168706216916506e-06 -50.58719828944061 -50.58719818811117 19.22771214855386 101.1743942611761 -9.613856732915343 -9.613856701119765 -2.082395055898099e-07 2.938816123787547e-07 93.84955137247715 93.84955176754787 351.5924659451758 -187.6991008375157 -175.796231503782 -175.7962312857193 1.201489496338581e-06 -1.648251611641172e-06 104.8368156915196 104.8368151899961 -233.4793676689568 -209.6736306192313 116.7396851134233 116.7396849090052 8.675099323340874e-07
40_evaluate_dof_0 = 0.266045662777572
41_evaluate_dof_1 = 0.3219928838965165
42_evaluate_dof_2 = 0.8419901905397643
43_evaluate_dof_3 = 1.128987228279705
44_evaluate_dof_4 = 0.5190404932239868
45_evaluate_dof_5 = 0.5745937503350521
46_evaluate_dof_6 = 0.3487782360000197
47_evaluate_dof_7 = 0.4742564560000269
48_evaluate_dofs = 0.266045662777572 0.3219928838965165 0.8419901905397643 1.128987228279705 0.5190404932239868 0.5745937503350521 0.3487782360000197 0.4742564560000269
49_interpolate_vertex_values = 0.1688476192888591 1.223551929365519 0.4248217901632402 1.820272440567948 0.7723740193022626 3.056798299543564
50_num_sub_elements = 0
